// Jest Snapshot v1, https://goo.gl/fbAQLP

exports[`<Pagination /> should render accordingly 1`] = `
<DocumentFragment>
  <div
    data-testid="pagination"
  >
    <div
      class="MuiGrid-root MuiGrid-container MuiGrid-justify-xs-center"
    >
      <div
        class="MuiGrid-root MuiGrid-item MuiGrid-grid-xs-true"
      >
        <svg
          aria-hidden="true"
          class="MuiSvgIcon-root"
          data-testid="arrow-left-pagination"
          focusable="false"
          viewBox="0 0 24 24"
        >
          <path
            d="M14 7l-5 5 5 5V7z"
          />
        </svg>
      </div>
      <div
        class="MuiGrid-root MuiGrid-item MuiGrid-grid-xs-8"
      >
        <h4
          class="MuiTypography-root MuiTypography-h4"
        >
          Page 1/10
        </h4>
      </div>
      <div
        class="MuiGrid-root MuiGrid-item MuiGrid-grid-xs-true"
      >
        <svg
          aria-hidden="true"
          class="MuiSvgIcon-root"
          data-testid="arrow-right-pagination"
          focusable="false"
          viewBox="0 0 24 24"
        >
          <path
            d="M10 17l5-5-5-5v10z"
          />
        </svg>
      </div>
    </div>
  </div>
</DocumentFragment>
`;
